projects/amazon-trend-analyzer/qb_chunks/page_591_skip591000.csv
ASIN Buyability Flag,asin_status,CVR%,revenue,asp,units,gv,Images #,Videos #,Has A+ Content,Buybox Winner,Average Rating,Number of Ratings,bb_price,Ad CTR%,Ad CVR%,bsr,brand,Ad CPC$,ASIN (Description),Update Type,Sold By Amazon,Has Coupon?,Has Store Link?,In Stock Today?,category,Sellable On Hand Units,asin,date,Ad Cost,Ad Sales,Ad Clicks,Ad Impressions,Ad Conversions
In Stock,ACTIVE,0.0,,,,4.0,4.0,0.0,True,,4.7,7534.0,50.22,,,4.0,Glad,,B0D1GN4SL6 (Glad - Assorted Cutlery - 120ct - Clear & *** 6 Pc Multi-Pk ***),[],True,False,True,True,Disposable Tabletop,3.0,B0D1GN4SL6,2025-12-22,,,,,
In Stock,ACTIVE,0.0,,,,2.0,4.0,0.0,True,,4.7,7534.0,50.22,,,4.0,Glad,,B0D1GN4SL6 (Glad - Assorted Cutlery - 120ct - Clear & *** 6 Pc Multi-Pk ***),[],True,False,True,True,Disposable Tabletop,3.0,B0D1GN4SL6,2025-12-21,,,,,
In Stock,ACTIVE,0.0,,,,5.0,4.0,0.0,True,,4.7,7533.0,50.22,,,5.0,Glad,,B0D1GN4SL6 (Glad - Assorted Cutlery - 120ct - Clear & *** 6 Pc Multi-Pk ***),[],True,False,True,True,Disposable Tabletop,3.0,B0D1GN4SL6,2025-12-20,,,,,
In Stock,ACTIVE,0.0,,,,6.0,4.0,0.0,True,,4.7,7528.0,50.22,,,5.0,Glad,,B0D1GN4SL6 (Glad - Assorted Cutlery - 120ct - Clear & *** 6 Pc Multi-Pk ***),[],True,False,True,True,Disposable Tabletop,3.0,B0D1GN4SL6,2025-12-19,,,,,
In Stock,ACTIVE,0.0,,,,6.0,4.0,0.0,True,,4.7,7524.0,50.22,,,5.0,Glad,,B0D1GN4SL6 (Glad - Assorted Cutlery - 120ct - Clear & *** 6 Pc Multi-Pk ***),[],True,False,True,True,Disposable Tabletop,3.0,B0D1GN4SL6,2025-12-18,,,,,
In Stock,ACTIVE,0.0,,,,11.0,4.0,0.0,True,,4.7,7520.0,49.47,,,5.0,Glad,,B0D1GN4SL6 (Glad - Assorted Cutlery - 120ct - Clear & *** 6 Pc Multi-Pk ***),[],True,False,True,True,Disposable Tabletop,3.0,B0D1GN4SL6,2025-12-17,,,,,
In Stock,ACTIVE,0.0,,,,9.0,4.0,0.0,True,,4.7,7520.0,49.47,,,5.0,Glad,,B0D1GN4SL6 (Glad - Assorted Cutlery - 120ct - Clear & *** 6 Pc Multi-Pk ***),[],True,False,True,True,Disposable Tabletop,3.0,B0D1GN4SL6,2025-12-16,,,,,
In Stock,ACTIVE,0.0,,,,6.0,4.0,0.0,True,,4.7,7520.0,49.47,,,5.0,Glad,,B0D1GN4SL6 (Glad - Assorted Cutlery - 120ct - Clear & *** 6 Pc Multi-Pk ***),[],True,False,True,True,Disposable Tabletop,3.0,B0D1GN4SL6,2025-12-15,,,,,
In Stock,ACTIVE,0.0,,,,8.0,4.0,0.0,True,,4.7,7516.0,49.47,,,5.0,Glad,,B0D1GN4SL6 (Glad - Assorted Cutlery - 120ct - Clear & *** 6 Pc Multi-Pk ***),[],True,False,True,True,Disposable Tabletop,2.0,B0D1GN4SL6,2025-12-14,,,,,
In Stock,ACTIVE,0.0,,,,8.0,4.0,0.0,True,,4.7,7516.0,49.47,,,5.0,Glad,,B0D1GN4SL6 (Glad - Assorted Cutlery - 120ct - Clear & *** 6 Pc Multi-Pk ***),[],True,False,True,True,Disposable Tabletop,2.0,B0D1GN4SL6,2025-12-13,,,,,
In Stock,ACTIVE,0.0,,,,5.0,4.0,0.0,True,,4.7,7516.0,49.47,,,6.0,Glad,,B0D1GN4SL6 (Glad - Assorted Cutlery - 120ct - Clear & *** 6 Pc Multi-Pk ***),[],True,False,True,True,Disposable Tabletop,2.0,B0D1GN4SL6,2025-12-12,,,,,
In Stock,ACTIVE,0.0,,,,3.0,4.0,0.0,True,,4.7,7515.0,49.47,,,5.0,Glad,,B0D1GN4SL6 (Glad - Assorted Cutlery - 120ct - Clear & *** 6 Pc Multi-Pk ***),[],True,False,True,True,Disposable Tabletop,2.0,B0D1GN4SL6,2025-12-11,,,,,
In Stock,ACTIVE,0.0,,,,5.0,4.0,0.0,True,,4.7,7507.0,49.47,,,5.0,Glad,,B0D1GN4SL6 (Glad - Assorted Cutlery - 120ct - Clear & *** 6 Pc Multi-Pk ***),[],True,False,True,True,Disposable Tabletop,2.0,B0D1GN4SL6,2025-12-10,,,,,
In Stock,ACTIVE,0.0,,,,7.0,4.0,0.0,True,,4.7,7505.0,49.47,,,4.0,Glad,,B0D1GN4SL6 (Glad - Assorted Cutlery - 120ct - Clear & *** 6 Pc Multi-Pk ***),[],True,False,True,True,Disposable Tabletop,2.0,B0D1GN4SL6,2025-12-09,,,,,
In Stock,ACTIVE,0.0,,,,8.0,4.0,0.0,True,,4.7,7501.0,49.47,,,5.0,Glad,,B0D1GN4SL6 (Glad - Assorted Cutlery - 120ct - Clear & *** 6 Pc Multi-Pk ***),[],True,False,True,True,Disposable Tabletop,2.0,B0D1GN4SL6,2025-12-08,,,,,
In Stock,ACTIVE,0.0,,,,7.0,4.0,0.0,True,,4.7,7498.0,49.47,,,5.0,Glad,,B0D1GN4SL6 (Glad - Assorted Cutlery - 120ct - Clear & *** 6 Pc Multi-Pk ***),[],True,False,True,True,Disposable Tabletop,2.0,B0D1GN4SL6,2025-12-07,,,,,
In Stock,ACTIVE,0.0,,,,4.0,4.0,0.0,True,,4.7,7496.0,49.47,,,6.0,Glad,,B0D1GN4SL6 (Glad - Assorted Cutlery - 120ct - Clear & *** 6 Pc Multi-Pk ***),[],True,False,True,True,Disposable Tabletop,2.0,B0D1GN4SL6,2025-12-06,,,,,
In Stock,ACTIVE,0.0,,,,7.0,4.0,0.0,True,,4.7,7494.0,49.47,,,7.0,Glad,,B0D1GN4SL6 (Glad - Assorted Cutlery - 120ct - Clear & *** 6 Pc Multi-Pk ***),[],True,False,True,True,Disposable Tabletop,2.0,B0D1GN4SL6,2025-12-05,,,,,
In Stock,ACTIVE,0.0,,,,4.0,4.0,0.0,True,,4.7,7488.0,49.99,,,6.0,Glad,,B0D1GN4SL6 (Glad - Assorted Cutlery - 120ct - Clear & *** 6 Pc Multi-Pk ***),[],True,False,True,True,Disposable Tabletop,2.0,B0D1GN4SL6,2025-12-04,,,,,
In Stock,ACTIVE,0.0,0.0,,0.0,11.0,4.0,0.0,True,,4.7,7486.0,49.99,,,6.0,Glad,,B0D1GN4SL6 (Glad - Assorted Cutlery - 120ct - Clear & *** 6 Pc Multi-Pk ***),[],True,False,True,True,Disposable Tabletop,2.0,B0D1GN4SL6,2025-12-03,,,,,
In Stock,ACTIVE,0.0,0.0,,0.0,10.0,4.0,0.0,True,,4.7,7483.0,49.99,,,5.0,Glad,,B0D1GN4SL6 (Glad - Assorted Cutlery - 120ct - Clear & *** 6 Pc Multi-Pk ***),[],True,False,True,True,Disposable Tabletop,2.0,B0D1GN4SL6,2025-12-02,,,,,
In Stock,ACTIVE,0.0,0.0,,0.0,2.0,4.0,0.0,True,,4.7,7481.0,49.99,,,5.0,Glad,,B0D1GN4SL6 (Glad - Assorted Cutlery - 120ct - Clear & *** 6 Pc Multi-Pk ***),[],True,False,True,True,Disposable Tabletop,2.0,B0D1GN4SL6,2025-12-01,,,,,
In Stock,ACTIVE,0.333,50.0,49.99,1.0,3.0,4.0,0.0,True,,4.7,7480.0,49.99,,,3.0,Glad,,B0D1GN4SL6 (Glad - Assorted Cutlery - 120ct - Clear & *** 6 Pc Multi-Pk ***),[],True,False,True,True,Disposable Tabletop,4.0,B0D1GN4SL6,2025-11-30,,,,,
In Stock,ACTIVE,0.5,50.0,49.99,1.0,2.0,4.0,0.0,True,,4.7,7479.0,49.99,,,3.0,Glad,,B0D1GN4SL6 (Glad - Assorted Cutlery - 120ct - Clear & *** 6 Pc Multi-Pk ***),[],True,False,True,True,Disposable Tabletop,4.0,B0D1GN4SL6,2025-11-29,,,,,
In Stock,ACTIVE,0.0,,,,2.0,4.0,0.0,True,,4.7,7475.0,50.3,,,3.0,Glad,,B0D1GN4SL6 (Glad - Assorted Cutlery - 120ct - Clear & *** 6 Pc Multi-Pk ***),[],True,False,True,True,Disposable Tabletop,4.0,B0D1GN4SL6,2025-11-28,,,,,
In Stock,ACTIVE,0.0,,,,2.0,4.0,0.0,True,,4.7,7475.0,50.08,,,3.0,Glad,,B0D1GN4SL6 (Glad - Assorted Cutlery - 120ct - Clear & *** 6 Pc Multi-Pk ***),[],True,False,True,True,Disposable Tabletop,4.0,B0D1GN4SL6,2025-11-27,,,,,
In Stock,ACTIVE,0.0,0.0,,0.0,4.0,4.0,0.0,True,,4.7,7474.0,50.08,,,3.0,Glad,,B0D1GN4SL6 (Glad - Assorted Cutlery - 120ct - Clear & *** 6 Pc Multi-Pk ***),[],True,False,True,True,Disposable Tabletop,4.0,B0D1GN4SL6,2025-11-26,,,,,
In Stock,ACTIVE,0.0,,,,13.0,4.0,0.0,True,,4.7,7471.0,50.08,,,3.0,Glad,,B0D1GN4SL6 (Glad - Assorted Cutlery - 120ct - Clear & *** 6 Pc Multi-Pk ***),[],True,False,True,True,Disposable Tabletop,5.0,B0D1GN4SL6,2025-11-25,,,,,
In Stock,ACTIVE,0.0,0.0,,0.0,14.0,4.0,0.0,True,,4.7,7470.0,50.08,,,3.0,Glad,,B0D1GN4SL6 (Glad - Assorted Cutlery - 120ct - Clear & *** 6 Pc Multi-Pk ***),[],True,False,True,True,Disposable Tabletop,5.0,B0D1GN4SL6,2025-11-24,,,,,
In Stock,ACTIVE,0.059,50.0,50.08,1.0,17.0,4.0,0.0,True,,4.7,7468.0,50.08,,,3.0,Glad,,B0D1GN4SL6 (Glad - Assorted Cutlery - 120ct - Clear & *** 6 Pc Multi-Pk ***),[],True,False,True,True,Disposable Tabletop,5.0,B0D1GN4SL6,2025-11-23,,,,,
In Stock,ACTIVE,0.0,0.0,,0.0,5.0,4.0,0.0,True,,4.7,7465.0,50.08,,,3.0,Glad,,B0D1GN4SL6 (Glad - Assorted Cutlery - 120ct - Clear & *** 6 Pc Multi-Pk ***),[],True,False,True,True,Disposable Tabletop,6.0,B0D1GN4SL6,2025-11-22,,,,,
In Stock,ACTIVE,0.125,42.0,42.03,1.0,8.0,4.0,0.0,True,,4.7,7463.0,42.03,,,3.0,Glad,,B0D1GN4SL6 (Glad - Assorted Cutlery - 120ct - Clear & *** 6 Pc Multi-Pk ***),[],True,False,True,True,Disposable Tabletop,6.0,B0D1GN4SL6,2025-11-21,,,,,
In Stock,ACTIVE,0.0,,,,6.0,4.0,0.0,True,,4.7,7462.0,43.49,,,3.0,Glad,,B0D1GN4SL6 (Glad - Assorted Cutlery - 120ct - Clear & *** 6 Pc Multi-Pk ***),[],True,False,True,True,Disposable Tabletop,6.0,B0D1GN4SL6,2025-11-20,,,,,
In Stock,ACTIVE,0.0,,,,11.0,4.0,0.0,True,,4.7,7460.0,43.49,,,3.0,Glad,,B0D1GN4SL6 (Glad - Assorted Cutlery - 120ct - Clear & *** 6 Pc Multi-Pk ***),[],True,False,True,True,Disposable Tabletop,6.0,B0D1GN4SL6,2025-11-19,,,,,
In Stock,ACTIVE,0.0,0.0,,0.0,11.0,4.0,0.0,True,,4.7,7461.0,51.41,,,2.0,Glad,,B0D1GN4SL6 (Glad - Assorted Cutlery - 120ct - Clear & *** 6 Pc Multi-Pk ***),[],True,False,True,True,Disposable Tabletop,6.0,B0D1GN4SL6,2025-11-18,,,,,
In Stock,ACTIVE,0.071,46.0,45.78,1.0,14.0,4.0,0.0,True,,4.7,7461.0,45.78,,,2.0,Glad,,B0D1GN4SL6 (Glad - Assorted Cutlery - 120ct - Clear & *** 6 Pc Multi-Pk ***),[],True,False,True,True,Disposable Tabletop,7.0,B0D1GN4SL6,2025-11-17,,,,,
In Stock,ACTIVE,0.0,,,,12.0,4.0,0.0,True,,4.7,7459.0,45.78,,,3.0,Glad,,B0D1GN4SL6 (Glad - Assorted Cutlery - 120ct - Clear & *** 6 Pc Multi-Pk ***),[],True,False,True,True,Disposable Tabletop,7.0,B0D1GN4SL6,2025-11-16,,,,,
In Stock,ACTIVE,0.0,,,,8.0,4.0,0.0,True,,4.7,7459.0,45.78,,,3.0,Glad,,B0D1GN4SL6 (Glad - Assorted Cutlery - 120ct - Clear & *** 6 Pc Multi-Pk ***),[],True,False,True,True,Disposable Tabletop,7.0,B0D1GN4SL6,2025-11-15,,,,,
In Stock,ACTIVE,0.0,,,,7.0,4.0,0.0,True,,4.7,7458.0,38.96,,,3.0,Glad,,B0D1GN4SL6 (Glad - Assorted Cutlery - 120ct - Clear & *** 6 Pc Multi-Pk ***),[],True,False,True,True,Disposable Tabletop,,B0D1GN4SL6,2025-11-14,0.0,0.0,0.0,0.0,0.0
In Stock,ACTIVE,0.0,,,,7.0,4.0,0.0,True,,4.7,7458.0,38.96,,,4.0,Glad,,B0D1GN4SL6 (Glad - Assorted Cutlery - 120ct - Clear & *** 6 Pc Multi-Pk ***),[],True,False,True,True,Disposable Tabletop,7.0,B0D1GN4SL6,2025-11-13,0.0,0.0,0.0,0.0,0.0
In Stock,ACTIVE,0.0,,,,7.0,4.0,0.0,True,,4.7,7458.0,38.96,,,4.0,Glad,,B0D1GN4SL6 (Glad - Assorted Cutlery - 120ct - Clear & *** 6 Pc Multi-Pk ***),[],True,False,True,True,Disposable Tabletop,7.0,B0D1GN4SL6,2025-11-12,0.0,0.0,0.0,0.0,0.0
In Stock,ACTIVE,0.0,,,,5.0,4.0,0.0,True,,4.7,7457.0,34.99,,,4.0,Glad,,B0D1GN4SL6 (Glad - Assorted Cutlery - 120ct - Clear & *** 6 Pc Multi-Pk ***),[],True,False,True,True,Disposable Tabletop,7.0,B0D1GN4SL6,2025-11-11,0.0,0.0,0.0,0.0,0.0
In Stock,ACTIVE,0.0,,,,6.0,4.0,0.0,True,,4.7,7457.0,34.99,,,4.0,Glad,,B0D1GN4SL6 (Glad - Assorted Cutlery - 120ct - Clear & *** 6 Pc Multi-Pk ***),[],True,False,True,True,Disposable Tabletop,7.0,B0D1GN4SL6,2025-11-10,0.0,0.0,0.0,0.0,0.0
In Stock,ACTIVE,0.0,,,,11.0,4.0,0.0,True,,4.7,7456.0,38.01,,,4.0,Glad,,B0D1GN4SL6 (Glad - Assorted Cutlery - 120ct - Clear & *** 6 Pc Multi-Pk ***),[],True,False,True,True,Disposable Tabletop,7.0,B0D1GN4SL6,2025-11-09,0.0,0.0,0.0,0.0,0.0
In Stock,ACTIVE,0.0,,,,12.0,4.0,0.0,True,,4.7,7454.0,38.01,,,4.0,Glad,,B0D1GN4SL6 (Glad - Assorted Cutlery - 120ct - Clear & *** 6 Pc Multi-Pk ***),[],True,False,True,True,Disposable Tabletop,7.0,B0D1GN4SL6,2025-11-08,0.0,0.0,0.0,0.0,0.0
In Stock,ACTIVE,0.0,,,,4.0,4.0,0.0,True,,4.7,7442.0,42.23,,,4.0,Glad,,B0D1GN4SL6 (Glad - Assorted Cutlery - 120ct - Clear & *** 6 Pc Multi-Pk ***),[],True,False,True,True,Disposable Tabletop,7.0,B0D1GN4SL6,2025-11-07,,,,,
In Stock,ACTIVE,0.0,,,,6.0,4.0,0.0,True,,4.7,7433.0,42.23,,,5.0,Glad,,B0D1GN4SL6 (Glad - Assorted Cutlery - 120ct - Clear & *** 6 Pc Multi-Pk ***),[],True,False,True,True,Disposable Tabletop,7.0,B0D1GN4SL6,2025-11-06,,,,,
In Stock,ACTIVE,0.0,,,,13.0,4.0,0.0,True,,4.7,7429.0,44.45,,,5.0,Glad,,B0D1GN4SL6 (Glad - Assorted Cutlery - 120ct - Clear & *** 6 Pc Multi-Pk ***),[],True,False,True,True,Disposable Tabletop,7.0,B0D1GN4SL6,2025-11-05,,,,,
In Stock,ACTIVE,0.0,,,,9.0,4.0,0.0,True,,4.7,7427.0,44.45,,,4.0,Glad,,B0D1GN4SL6 (Glad - Assorted Cutlery - 120ct - Clear & *** 6 Pc Multi-Pk ***),[],True,False,True,True,Disposable Tabletop,7.0,B0D1GN4SL6,2025-11-04,,,,,
In Stock,ACTIVE,0.0,,,,4.0,4.0,0.0,True,,4.7,7423.0,44.45,,,5.0,Glad,,B0D1GN4SL6 (Glad - Assorted Cutlery - 120ct - Clear & *** 6 Pc Multi-Pk ***),[],True,False,True,True,Disposable Tabletop,7.0,B0D1GN4SL6,2025-11-03,,,,,
In Stock,ACTIVE,0.0,,,,7.0,4.0,0.0,True,,4.7,7415.0,44.45,,,5.0,Glad,,B0D1GN4SL6 (Glad - Assorted Cutlery - 120ct - Clear & *** 6 Pc Multi-Pk ***),[],True,False,True,True,Disposable Tabletop,7.0,B0D1GN4SL6,2025-11-02,,,,,
In Stock,ACTIVE,0.0,,,,6.0,4.0,0.0,True,,4.7,7409.0,44.45,,,5.0,Glad,,B0D1GN4SL6 (Glad - Assorted Cutlery - 120ct - Clear & *** 6 Pc Multi-Pk ***),[],True,False,True,True,Disposable Tabletop,7.0,B0D1GN4SL6,2025-11-01,,,,,
In Stock,ACTIVE,0.0,,,,6.0,4.0,0.0,True,,4.7,7407.0,44.45,,,5.0,Glad,,B0D1GN4SL6 (Glad - Assorted Cutlery - 120ct - Clear & *** 6 Pc Multi-Pk ***),[],True,False,True,True,Disposable Tabletop,7.0,B0D1GN4SL6,2025-10-31,,,,,
In Stock,ACTIVE,0.0,,,,2.0,4.0,0.0,True,,4.7,7404.0,44.45,,,5.0,Glad,,B0D1GN4SL6 (Glad - Assorted Cutlery - 120ct - Clear & *** 6 Pc Multi-Pk ***),[],True,False,True,True,Disposable Tabletop,7.0,B0D1GN4SL6,2025-10-30,,,,,
In Stock,ACTIVE,0.0,,,,13.0,4.0,0.0,True,,4.7,7402.0,47.29,,,5.0,Glad,,B0D1GN4SL6 (Glad - Assorted Cutlery - 120ct - Clear & *** 6 Pc Multi-Pk ***),[],True,False,True,True,Disposable Tabletop,7.0,B0D1GN4SL6,2025-10-29,,,,,
In Stock,ACTIVE,0.0,,,,3.0,4.0,0.0,True,,4.7,7395.0,47.29,,,5.0,Glad,,B0D1GN4SL6 (Glad - Assorted Cutlery - 120ct - Clear & *** 6 Pc Multi-Pk ***),[],True,False,True,True,Disposable Tabletop,7.0,B0D1GN4SL6,2025-10-28,,,,,
In Stock,ACTIVE,0.0,,,,5.0,4.0,0.0,True,,4.7,7392.0,47.29,,,5.0,Glad,,B0D1GN4SL6 (Glad - Assorted Cutlery - 120ct - Clear & *** 6 Pc Multi-Pk ***),[],True,False,True,True,Disposable Tabletop,7.0,B0D1GN4SL6,2025-10-27,,,,,
In Stock,ACTIVE,0.0,,,,14.0,4.0,0.0,True,,4.7,7390.0,47.29,,,4.0,Glad,,B0D1GN4SL6 (Glad - Assorted Cutlery - 120ct - Clear & *** 6 Pc Multi-Pk ***),[],True,False,True,True,Disposable Tabletop,7.0,B0D1GN4SL6,2025-10-26,,,,,
In Stock,ACTIVE,0.0,,,,8.0,4.0,0.0,True,,4.7,7388.0,47.29,,,4.0,Glad,,B0D1GN4SL6 (Glad - Assorted Cutlery - 120ct - Clear & *** 6 Pc Multi-Pk ***),[],True,False,True,True,Disposable Tabletop,7.0,B0D1GN4SL6,2025-10-25,,,,,
In Stock,ACTIVE,0.0,,,,5.0,4.0,0.0,True,,4.7,7382.0,47.29,,,4.0,Glad,,B0D1GN4SL6 (Glad - Assorted Cutlery - 120ct - Clear & *** 6 Pc Multi-Pk ***),[],True,False,True,True,Disposable Tabletop,7.0,B0D1GN4SL6,2025-10-24,,,,,
In Stock,ACTIVE,0.0,,,,5.0,4.0,0.0,True,,4.7,7381.0,47.29,,,5.0,Glad,,B0D1GN4SL6 (Glad - Assorted Cutlery - 120ct - Clear & *** 6 Pc Multi-Pk ***),[],True,False,True,True,Disposable Tabletop,7.0,B0D1GN4SL6,2025-10-23,,,,,
In Stock,ACTIVE,0.0,,,,2.0,4.0,0.0,True,,4.7,7381.0,47.29,,,5.0,Glad,,B0D1GN4SL6 (Glad - Assorted Cutlery - 120ct - Clear & *** 6 Pc Multi-Pk ***),[],True,False,True,True,Disposable Tabletop,7.0,B0D1GN4SL6,2025-10-22,,,,,
In Stock,ACTIVE,0.0,,,,2.0,4.0,0.0,True,,4.7,7375.0,46.82,,,5.0,Glad,,B0D1GN4SL6 (Glad - Assorted Cutlery - 120ct - Clear & *** 6 Pc Multi-Pk ***),[],True,False,True,True,Disposable Tabletop,7.0,B0D1GN4SL6,2025-10-21,,,,,
In Stock,ACTIVE,0.0,,,,4.0,4.0,0.0,True,,4.7,7375.0,47.29,,,5.0,Glad,,B0D1GN4SL6 (Glad - Assorted Cutlery - 120ct - Clear & *** 6 Pc Multi-Pk ***),[],True,False,True,True,Disposable Tabletop,7.0,B0D1GN4SL6,2025-10-20,,,,,
In Stock,ACTIVE,0.0,,,,1.0,4.0,0.0,True,,4.7,7374.0,47.29,,,5.0,Glad,,B0D1GN4SL6 (Glad - Assorted Cutlery - 120ct - Clear & *** 6 Pc Multi-Pk ***),[],True,False,True,True,Disposable Tabletop,7.0,B0D1GN4SL6,2025-10-19,,,,,
In Stock,ACTIVE,0.0,,,,1.0,4.0,0.0,True,,4.7,7370.0,47.29,,,5.0,Glad,,B0D1GN4SL6 (Glad - Assorted Cutlery - 120ct - Clear & *** 6 Pc Multi-Pk ***),[],True,False,True,True,Disposable Tabletop,7.0,B0D1GN4SL6,2025-10-18,,,,,
In Stock,ACTIVE,0.0,,,,2.0,4.0,0.0,True,,4.7,7370.0,47.29,,,5.0,Glad,,B0D1GN4SL6 (Glad - Assorted Cutlery - 120ct - Clear & *** 6 Pc Multi-Pk ***),[],True,False,True,True,Disposable Tabletop,7.0,B0D1GN4SL6,2025-10-17,,,,,
In Stock,ACTIVE,0.0,,,,1.0,4.0,0.0,True,,4.7,7370.0,47.29,,,5.0,Glad,,B0D1GN4SL6 (Glad - Assorted Cutlery - 120ct - Clear & *** 6 Pc Multi-Pk ***),[],True,False,True,True,Disposable Tabletop,7.0,B0D1GN4SL6,2025-10-16,,,,,
In Stock,ACTIVE,0.0,,,,1.0,4.0,0.0,True,,4.7,7367.0,47.29,,,5.0,Glad,,B0D1GN4SL6 (Glad - Assorted Cutlery - 120ct - Clear & *** 6 Pc Multi-Pk ***),[],True,False,True,True,Disposable Tabletop,7.0,B0D1GN4SL6,2025-10-15,,,,,
In Stock,ACTIVE,0.0,,,,1.0,4.0,0.0,True,,4.7,7364.0,47.29,,,4.0,Glad,,B0D1GN4SL6 (Glad - Assorted Cutlery - 120ct - Clear & *** 6 Pc Multi-Pk ***),[],True,False,True,True,Disposable Tabletop,7.0,B0D1GN4SL6,2025-10-14,,,,,
In Stock,ACTIVE,0.0,,,,1.0,4.0,0.0,True,,4.7,7363.0,47.29,,,5.0,Glad,,B0D1GN4SL6 (Glad - Assorted Cutlery - 120ct - Clear & *** 6 Pc Multi-Pk ***),[],True,False,True,True,Disposable Tabletop,7.0,B0D1GN4SL6,2025-10-13,,,,,
In Stock,ACTIVE,,0.0,,0.0,,4.0,0.0,True,,4.7,7363.0,47.29,,,5.0,Glad,,B0D1GN4SL6 (Glad - Assorted Cutlery - 120ct - Clear & *** 6 Pc Multi-Pk ***),[],True,False,True,True,Disposable Tabletop,7.0,B0D1GN4SL6,2025-10-12,,,,,
In Stock,ACTIVE,0.0,0.0,,0.0,1.0,4.0,0.0,True,,4.7,7361.0,47.29,,,5.0,Glad,,B0D1GN4SL6 (Glad - Assorted Cutlery - 120ct - Clear & *** 6 Pc Multi-Pk ***),[],True,False,True,True,Disposable Tabletop,7.0,B0D1GN4SL6,2025-10-11,,,,,
In Stock,ACTIVE,0.0,,,,1.0,4.0,0.0,True,,4.7,7357.0,47.29,,,6.0,Glad,,B0D1GN4SL6 (Glad - Assorted Cutlery - 120ct - Clear & *** 6 Pc Multi-Pk ***),[],True,False,True,True,Disposable Tabletop,7.0,B0D1GN4SL6,2025-10-10,,,,,
In Stock,ACTIVE,0.0,,,,1.0,4.0,0.0,True,,4.7,7357.0,47.29,,,6.0,Glad,,B0D1GN4SL6 (Glad - Assorted Cutlery - 120ct - Clear & *** 6 Pc Multi-Pk ***),[],True,False,True,True,Disposable Tabletop,7.0,B0D1GN4SL6,2025-10-09,,,,,
In Stock,ACTIVE,0.0,,,,3.0,4.0,0.0,True,,4.7,7355.0,47.29,,,6.0,Glad,,B0D1GN4SL6 (Glad - Assorted Cutlery - 120ct - Clear & *** 6 Pc Multi-Pk ***),[],True,False,True,True,Disposable Tabletop,7.0,B0D1GN4SL6,2025-10-08,,,,,
In Stock,ACTIVE,0.0,,,,4.0,4.0,0.0,True,,4.7,7352.0,47.29,,,7.0,Glad,,B0D1GN4SL6 (Glad - Assorted Cutlery - 120ct - Clear & *** 6 Pc Multi-Pk ***),[],True,False,True,True,Disposable Tabletop,7.0,B0D1GN4SL6,2025-10-07,,,,,
In Stock,ACTIVE,0.0,,,,3.0,4.0,0.0,True,,4.7,7352.0,49.78,,,7.0,Glad,,B0D1GN4SL6 (Glad - Assorted Cutlery - 120ct - Clear & *** 6 Pc Multi-Pk ***),[],True,False,True,True,Disposable Tabletop,7.0,B0D1GN4SL6,2025-10-06,,,,,
